<sev:DocInfo xmlns:sev="http://www.eos.ru/2010/sev" xmlns:xdms="http://www.infpres.com/IEDMS">
	<sev:Header Version="1.0" MessageType="MainDoc" MessageID="51E410B7-DEE6-47D3-AB8C-EA3918683F60" Time="2014-12-08T14:04:07" ReturnID="113674e4-123c-4845-8dc3-079861de0fa2" ResourceID="406211"><sev:Sender><sev:Contact><sev:Organization><sev:ShortName>Правительство Вологодской области</sev:ShortName></sev:Organization><sev:OfficialPerson><sev:FIO>Тарасов А.(.</sev:FIO><sev:Post>Директор</sev:Post></sev:OfficialPerson><sev:Address><sev:Settlement>Вологодская область</sev:Settlement></sev:Address></sev:Contact><sev:EDMS UID="4313BCFDAD6A422EA375EF34BB248BCD" Version="12.0.0"/></sev:Sender><sev:Recipient><sev:Contact><sev:Organization><sev:ShortName/></sev:Organization></sev:Contact></sev:Recipient><sev:ResourceList><sev:Resource UID="0" UniqueName="DocInfo.xml"/><sev:Resource UID="1" UniqueName="&#x414;&#x43E;&#x43A;&#x443;&#x43C;&#x435;&#x43D;&#x442;.doc"/></sev:ResourceList></sev:Header>
	
	<sev:DocumentList><sev:Document Type="Incoming" MainDocument="true" DocumentID=""><sev:RegistrationInfo><sev:Number>ИХ.01-4258/14</sev:Number><sev:Date>2014-12-08</sev:Date></sev:RegistrationInfo><sev:Description>ТЕСТ письма по интеграции с Администрацией г.Вологды</sev:Description></sev:Document></sev:DocumentList>
</sev:DocInfo>
